------------------------------------------------------------
Timing Analyzer Summary
------------------------------------------------------------

Type  : Slow 1100mV 85C Model Setup 'hps:u0|hps_hps_0:hps_0|hps_hps_0_hps_io:hps_io|hps_hps_0_hps_io_border:border|hps_sdram:hps_sdram_inst|hps_sdram_pll:pll|afi_clk_write_clk'
Slack : 1.730
TNS   : 0.000

Type  : Slow 1100mV 85C Model Setup 'CLOCK_50'
Slack : 13.797
TNS   : 0.000

Type  : Slow 1100mV 85C Model Hold 'hps:u0|hps_hps_0:hps_0|hps_hps_0_hps_io:hps_io|hps_hps_0_hps_io_border:border|hps_sdram:hps_sdram_inst|hps_sdram_pll:pll|afi_clk_write_clk'
Slack : 0.143
TNS   : 0.000

Type  : Slow 1100mV 85C Model Hold 'CLOCK_50'
Slack : 0.226
TNS   : 0.000

Type  : Slow 1100mV 85C Model Recovery 'hps:u0|hps_hps_0:hps_0|hps_hps_0_hps_io:hps_io|hps_hps_0_hps_io_border:border|hps_sdram:hps_sdram_inst|hps_sdram_pll:pll|afi_clk_write_clk'
Slack : 3.375
TNS   : 0.000

Type  : Slow 1100mV 85C Model Recovery 'CLOCK_50'
Slack : 17.637
TNS   : 0.000

Type  : Slow 1100mV 85C Model Removal 'hps:u0|hps_hps_0:hps_0|hps_hps_0_hps_io:hps_io|hps_hps_0_hps_io_border:border|hps_sdram:hps_sdram_inst|hps_sdram_pll:pll|afi_clk_write_clk'
Slack : 0.470
TNS   : 0.000

Type  : Slow 1100mV 85C Model Removal 'CLOCK_50'
Slack : 0.869
TNS   : 0.000

Type  : Slow 1100mV 85C Model Minimum Pulse Width 'hps:u0|hps_hps_0:hps_0|hps_hps_0_hps_io:hps_io|hps_hps_0_hps_io_border:border|hps_sdram:hps_sdram_inst|hps_sdram_pll:pll|pll_write_clk_dq_write_clk'
Slack : 0.608
TNS   : 0.000

Type  : Slow 1100mV 85C Model Minimum Pulse Width 'hps:u0|hps_hps_0:hps_0|hps_hps_0_hps_io:hps_io|hps_hps_0_hps_io_border:border|hps_sdram:hps_sdram_inst|hps_sdram_pll:pll|afi_clk_write_clk'
Slack : 0.623
TNS   : 0.000

Type  : Slow 1100mV 85C Model Minimum Pulse Width 'CLOCK_50'
Slack : 9.227
TNS   : 0.000

Type  : Slow 1100mV 0C Model Setup 'hps:u0|hps_hps_0:hps_0|hps_hps_0_hps_io:hps_io|hps_hps_0_hps_io_border:border|hps_sdram:hps_sdram_inst|hps_sdram_pll:pll|afi_clk_write_clk'
Slack : 1.727
TNS   : 0.000

Type  : Slow 1100mV 0C Model Setup 'CLOCK_50'
Slack : 13.851
TNS   : 0.000

Type  : Slow 1100mV 0C Model Hold 'hps:u0|hps_hps_0:hps_0|hps_hps_0_hps_io:hps_io|hps_hps_0_hps_io_border:border|hps_sdram:hps_sdram_inst|hps_sdram_pll:pll|afi_clk_write_clk'
Slack : 0.162
TNS   : 0.000

Type  : Slow 1100mV 0C Model Hold 'CLOCK_50'
Slack : 0.232
TNS   : 0.000

Type  : Slow 1100mV 0C Model Recovery 'hps:u0|hps_hps_0:hps_0|hps_hps_0_hps_io:hps_io|hps_hps_0_hps_io_border:border|hps_sdram:hps_sdram_inst|hps_sdram_pll:pll|afi_clk_write_clk'
Slack : 3.468
TNS   : 0.000

Type  : Slow 1100mV 0C Model Recovery 'CLOCK_50'
Slack : 17.754
TNS   : 0.000

Type  : Slow 1100mV 0C Model Removal 'hps:u0|hps_hps_0:hps_0|hps_hps_0_hps_io:hps_io|hps_hps_0_hps_io_border:border|hps_sdram:hps_sdram_inst|hps_sdram_pll:pll|afi_clk_write_clk'
Slack : 0.460
TNS   : 0.000

Type  : Slow 1100mV 0C Model Removal 'CLOCK_50'
Slack : 0.810
TNS   : 0.000

Type  : Slow 1100mV 0C Model Minimum Pulse Width 'hps:u0|hps_hps_0:hps_0|hps_hps_0_hps_io:hps_io|hps_hps_0_hps_io_border:border|hps_sdram:hps_sdram_inst|hps_sdram_pll:pll|pll_write_clk_dq_write_clk'
Slack : 0.613
TNS   : 0.000

Type  : Slow 1100mV 0C Model Minimum Pulse Width 'hps:u0|hps_hps_0:hps_0|hps_hps_0_hps_io:hps_io|hps_hps_0_hps_io_border:border|hps_sdram:hps_sdram_inst|hps_sdram_pll:pll|afi_clk_write_clk'
Slack : 0.630
TNS   : 0.000

Type  : Slow 1100mV 0C Model Minimum Pulse Width 'CLOCK_50'
Slack : 9.296
TNS   : 0.000

Type  : Fast 1100mV 85C Model Setup 'hps:u0|hps_hps_0:hps_0|hps_hps_0_hps_io:hps_io|hps_hps_0_hps_io_border:border|hps_sdram:hps_sdram_inst|hps_sdram_pll:pll|afi_clk_write_clk'
Slack : 2.110
TNS   : 0.000

Type  : Fast 1100mV 85C Model Setup 'CLOCK_50'
Slack : 16.280
TNS   : 0.000

Type  : Fast 1100mV 85C Model Hold 'hps:u0|hps_hps_0:hps_0|hps_hps_0_hps_io:hps_io|hps_hps_0_hps_io_border:border|hps_sdram:hps_sdram_inst|hps_sdram_pll:pll|afi_clk_write_clk'
Slack : 0.084
TNS   : 0.000

Type  : Fast 1100mV 85C Model Hold 'CLOCK_50'
Slack : 0.133
TNS   : 0.000

Type  : Fast 1100mV 85C Model Recovery 'hps:u0|hps_hps_0:hps_0|hps_hps_0_hps_io:hps_io|hps_hps_0_hps_io_border:border|hps_sdram:hps_sdram_inst|hps_sdram_pll:pll|afi_clk_write_clk'
Slack : 3.727
TNS   : 0.000

Type  : Fast 1100mV 85C Model Recovery 'CLOCK_50'
Slack : 18.428
TNS   : 0.000

Type  : Fast 1100mV 85C Model Removal 'hps:u0|hps_hps_0:hps_0|hps_hps_0_hps_io:hps_io|hps_hps_0_hps_io_border:border|hps_sdram:hps_sdram_inst|hps_sdram_pll:pll|afi_clk_write_clk'
Slack : 0.497
TNS   : 0.000

Type  : Fast 1100mV 85C Model Removal 'CLOCK_50'
Slack : 0.502
TNS   : 0.000

Type  : Fast 1100mV 85C Model Minimum Pulse Width 'hps:u0|hps_hps_0:hps_0|hps_hps_0_hps_io:hps_io|hps_hps_0_hps_io_border:border|hps_sdram:hps_sdram_inst|hps_sdram_pll:pll|pll_write_clk_dq_write_clk'
Slack : 0.883
TNS   : 0.000

Type  : Fast 1100mV 85C Model Minimum Pulse Width 'hps:u0|hps_hps_0:hps_0|hps_hps_0_hps_io:hps_io|hps_hps_0_hps_io_border:border|hps_sdram:hps_sdram_inst|hps_sdram_pll:pll|afi_clk_write_clk'
Slack : 0.891
TNS   : 0.000

Type  : Fast 1100mV 85C Model Minimum Pulse Width 'CLOCK_50'
Slack : 9.105
TNS   : 0.000

Type  : Fast 1100mV 0C Model Setup 'hps:u0|hps_hps_0:hps_0|hps_hps_0_hps_io:hps_io|hps_hps_0_hps_io_border:border|hps_sdram:hps_sdram_inst|hps_sdram_pll:pll|afi_clk_write_clk'
Slack : 2.110
TNS   : 0.000

Type  : Fast 1100mV 0C Model Setup 'CLOCK_50'
Slack : 16.594
TNS   : 0.000

Type  : Fast 1100mV 0C Model Hold 'hps:u0|hps_hps_0:hps_0|hps_hps_0_hps_io:hps_io|hps_hps_0_hps_io_border:border|hps_sdram:hps_sdram_inst|hps_sdram_pll:pll|afi_clk_write_clk'
Slack : 0.077
TNS   : 0.000

Type  : Fast 1100mV 0C Model Hold 'CLOCK_50'
Slack : 0.134
TNS   : 0.000

Type  : Fast 1100mV 0C Model Recovery 'hps:u0|hps_hps_0:hps_0|hps_hps_0_hps_io:hps_io|hps_hps_0_hps_io_border:border|hps_sdram:hps_sdram_inst|hps_sdram_pll:pll|afi_clk_write_clk'
Slack : 3.825
TNS   : 0.000

Type  : Fast 1100mV 0C Model Recovery 'CLOCK_50'
Slack : 18.604
TNS   : 0.000

Type  : Fast 1100mV 0C Model Removal 'CLOCK_50'
Slack : 0.457
TNS   : 0.000

Type  : Fast 1100mV 0C Model Removal 'hps:u0|hps_hps_0:hps_0|hps_hps_0_hps_io:hps_io|hps_hps_0_hps_io_border:border|hps_sdram:hps_sdram_inst|hps_sdram_pll:pll|afi_clk_write_clk'
Slack : 0.473
TNS   : 0.000

Type  : Fast 1100mV 0C Model Minimum Pulse Width 'hps:u0|hps_hps_0:hps_0|hps_hps_0_hps_io:hps_io|hps_hps_0_hps_io_border:border|hps_sdram:hps_sdram_inst|hps_sdram_pll:pll|pll_write_clk_dq_write_clk'
Slack : 0.887
TNS   : 0.000

Type  : Fast 1100mV 0C Model Minimum Pulse Width 'hps:u0|hps_hps_0:hps_0|hps_hps_0_hps_io:hps_io|hps_hps_0_hps_io_border:border|hps_sdram:hps_sdram_inst|hps_sdram_pll:pll|afi_clk_write_clk'
Slack : 0.894
TNS   : 0.000

Type  : Fast 1100mV 0C Model Minimum Pulse Width 'CLOCK_50'
Slack : 9.068
TNS   : 0.000

------------------------------------------------------------
Info: see the "DDR report" for DDR timing results
------------------------------------------------------------
------------------------------------------------------------
